// Jest Snapshot v1, https://goo.gl/fbAQLP

exports[`Diagram toJson 1`] = `"{\\"_fields\\":[{\\"name\\":\\"test\\",\\"length\\":1,\\"uid\\":102},{\\"name\\":\\"test2\\",\\"length\\":2,\\"uid\\":103},{\\"name\\":\\"test3\\",\\"length\\":3,\\"uid\\":104}],\\"config\\":{\\"options\\":[{\\"key\\":\\"bit\\",\\"defaultValue\\":32,\\"min\\":1,\\"max\\":128,\\"value\\":64,\\"__type\\":\\"range-option\\"},{\\"key\\":\\"diagram-style\\",\\"defaultValue\\":\\"utf8\\",\\"acceptedValues\\":[\\"utf8\\",\\"utf8-header\\",\\"utf8-corner\\",\\"ascii\\",\\"ascii-verbose\\"],\\"value\\":\\"utf8-header\\",\\"__type\\":\\"enum-option\\"},{\\"key\\":\\"header-style\\",\\"defaultValue\\":\\"trim\\",\\"acceptedValues\\":[\\"none\\",\\"trim\\",\\"full\\"],\\"value\\":\\"full\\",\\"__type\\":\\"enum-option\\"},{\\"key\\":\\"left-space-placeholder\\",\\"defaultValue\\":false,\\"value\\":true,\\"__type\\":\\"boolean-option\\"}]}}"`;
