// Jest Snapshot v1, https://goo.gl/fbAQLP

exports[`DiagramCanvas rename field 1`] = `
<div>
  <div
    id="root-container"
  >
    <div
      class="MuiBox-root css-1e9wtcq"
    >
      <div
        class="diagram-canvas"
      >
        <div
          class="konvajs-content"
          role="presentation"
          style="position: relative; user-select: none; width: 1024px; height: 768px;"
        >
          <canvas
            height="768"
            style="padding: 0px; margin: 0px; border: 0px; background: transparent; position: absolute; top: 0px; left: 0px; width: 1024px; height: 768px; display: block;"
            width="1024"
          />
        </div>
      </div>
      <button
        class="MuiButtonBase-root MuiIconButton-root MuiIconButton-sizeSmall css-43rutd-MuiButtonBase-root-MuiIconButton-root"
        tabindex="0"
        type="button"
      >
        <svg
          aria-hidden="true"
          class="MuiSvgIcon-root MuiSvgIcon-colorPrimary MuiSvgIcon-fontSizeMedium css-ci5apu-MuiSvgIcon-root"
          data-testid="AddIcon"
          focusable="false"
          viewBox="0 0 24 24"
        >
          <path
            d="M19 13h-6v6h-2v-6H5v-2h6V5h2v6h6v2z"
          />
        </svg>
        <span
          class="MuiTouchRipple-root css-8je8zh-MuiTouchRipple-root"
        />
      </button>
      <div
        class="MuiBox-root css-1fwuthf"
      >
        <input
          style="outline: none; width: calc(100% - 10px); height: 18px; line-height: 18px; font-size: 16px;"
          value="test1"
        />
        <span
          class="MuiTypography-root MuiTypography-caption css-1150imo-MuiTypography-root"
        >
          Enter to rename
        </span>
      </div>
      <button
        class="MuiButtonBase-root MuiIconButton-root MuiIconButton-sizeSmall css-93qncv-MuiButtonBase-root-MuiIconButton-root"
        tabindex="0"
        type="button"
      >
        <svg
          aria-hidden="true"
          class="MuiSvgIcon-root MuiSvgIcon-colorPrimary MuiSvgIcon-fontSizeMedium css-ci5apu-MuiSvgIcon-root"
          data-testid="ExpandLessIcon"
          focusable="false"
          viewBox="0 0 24 24"
        >
          <path
            d="m12 8-6 6 1.41 1.41L12 10.83l4.59 4.58L18 14z"
          />
        </svg>
        <span
          class="MuiTouchRipple-root css-8je8zh-MuiTouchRipple-root"
        />
      </button>
    </div>
  </div>
</div>
`;
